- Load subgraph from subgraph.yaml
âœ– Failed to load subgraph from subgraph.yaml: Failed to load subgraph: Error in schema.graphql:

  MyEntity:
  - Field 'foo': Field arguments are not supported.
